code           type        d method                 got    seconds  note
[[5,1,3]]      non-CSS     3 BZDistMW                 3      0.004  
[[5,1,3]]      non-CSS     3 connectedClusterMW       3      0.000  
[[5,1,3]]      non-CSS     3 pySATDist                3      0.027  
[[5,1,3]]      non-CSS     3 QDistEvol                3      0.522  
[[6,1,3]]      non-CSS     3 BZDistMW                 3      0.001  
[[6,1,3]]      non-CSS     3 connectedClusterMW       3      0.000  
[[6,1,3]]      non-CSS     3 pySATDist                3      0.027  
[[6,1,3]]      non-CSS     3 QDistEvol                3      0.550  
[[7,1,3]]      CSS         3 BZDistMW                 3      0.001  
[[7,1,3]]      CSS         3 connectedClusterMW       3      0.000  
[[7,1,3]]      CSS         3 pySATDist                3      0.027  
[[7,1,3]]      CSS         3 QDistEvol                3      0.539  
[[8,1,3]]      non-CSS     3 BZDistMW                 3      0.002  
[[8,1,3]]      non-CSS     3 connectedClusterMW       3      0.001  
[[8,1,3]]      non-CSS     3 pySATDist                3      0.035  
[[8,1,3]]      non-CSS     3 QDistEvol                3      0.579  
[[9,1,3]]      non-CSS     3 BZDistMW                 3      0.001  
[[9,1,3]]      non-CSS     3 connectedClusterMW       3      0.000  
[[9,1,3]]      non-CSS     3 pySATDist                3      0.028  
[[9,1,3]]      non-CSS     3 QDistEvol                3      0.573  
[[10,1,4]]     non-CSS     4 BZDistMW                 4      0.002  
[[10,1,4]]     non-CSS     4 connectedClusterMW       4      0.002  
[[10,1,4]]     non-CSS     4 pySATDist                4      0.027  
[[10,1,4]]     non-CSS     4 QDistEvol                4      0.590  
[[11,1,5]]     non-CSS     5 BZDistMW                 5      0.002  
[[11,1,5]]     non-CSS     5 connectedClusterMW       5      0.016  
[[11,1,5]]     non-CSS     5 pySATDist                5      0.045  
[[11,1,5]]     non-CSS     5 QDistEvol                5      0.829  
[[12,6,3]]     non-CSS     3 BZDistMW                 3      0.002  
[[12,6,3]]     non-CSS     3 connectedClusterMW       3      0.001  
[[12,6,3]]     non-CSS     3 pySATDist                3      0.031  
[[12,6,3]]     non-CSS     3 QDistEvol                3      0.799  
[[13,6,3]]     non-CSS     3 BZDistMW                 3      0.002  
[[13,6,3]]     non-CSS     3 connectedClusterMW       3      0.001  
[[13,6,3]]     non-CSS     3 pySATDist                3      0.029  
[[13,6,3]]     non-CSS     3 QDistEvol                3      0.773  
[[14,2,5]]     non-CSS     5 BZDistMW                 5      0.004  
[[14,2,5]]     non-CSS     5 connectedClusterMW       5      0.055  
[[14,2,5]]     non-CSS     5 pySATDist                5      0.051  
[[14,2,5]]     non-CSS     5 QDistEvol                5      0.822  
[[15,2,5]]     non-CSS     5 BZDistMW                 5      0.005  
[[15,2,5]]     non-CSS     5 connectedClusterMW       5      0.074  
[[15,2,5]]     non-CSS     5 pySATDist                5      0.086  
[[15,2,5]]     non-CSS     5 QDistEvol                5      0.839  
[[16,1,6]]     non-CSS     6 BZDistMW                 6      0.006  
[[16,1,6]]     non-CSS     6 connectedClusterMW       6      1.650  
[[16,1,6]]     non-CSS     6 pySATDist                6      0.154  
[[16,1,6]]     non-CSS     6 QDistEvol                6      0.711  
[[17,3,5]]     non-CSS     5 BZDistMW                 5      0.009  
[[17,3,5]]     non-CSS     5 connectedClusterMW       5      0.066  
[[17,3,5]]     non-CSS     5 pySATDist                5      0.074  
[[17,3,5]]     non-CSS     5 QDistEvol                5      0.753  
[[18,5,5]]     non-CSS     5 BZDistMW                 5      0.016  
[[18,5,5]]     non-CSS     5 connectedClusterMW       5      0.202  
[[18,5,5]]     non-CSS     5 pySATDist                5      0.104  
[[18,5,5]]     non-CSS     5 QDistEvol                5      0.822  
[[19,5,5]]     non-CSS     5 BZDistMW                 5      0.021  
[[19,5,5]]     non-CSS     5 connectedClusterMW       5      0.207  
[[19,5,5]]     non-CSS     5 pySATDist                5      0.119  
[[19,5,5]]     non-CSS     5 QDistEvol                5      0.873  
[[20,3,6]]     non-CSS     6 BZDistMW                 6      0.044  
[[20,3,6]]     non-CSS     6 connectedClusterMW       6      3.691  
[[20,3,6]]     non-CSS     6 pySATDist                6      0.472  
[[20,3,6]]     non-CSS     6 QDistEvol                6      0.888  
[[21,3,6]]     non-CSS     6 BZDistMW                 6      0.062  
[[21,3,6]]     non-CSS     6 connectedClusterMW       6      3.976  
[[21,3,6]]     non-CSS     6 pySATDist                6      0.458  
[[21,3,6]]     non-CSS     6 QDistEvol                6      0.996  
[[22,7,5]]     non-CSS     5 BZDistMW                 5      0.046  
[[22,7,5]]     non-CSS     5 connectedClusterMW       5      0.521  
[[22,7,5]]     non-CSS     5 pySATDist                5      0.208  
[[22,7,5]]     non-CSS     5 QDistEvol                5      0.834  
[[23,2,7]]     non-CSS     7 BZDistMW                 7      0.233  
[[23,2,7]]     non-CSS     7 connectedClusterMW      -1     60.000  timeout >60s
[[23,2,7]]     non-CSS     7 pySATDist                7      2.468  
[[23,2,7]]     non-CSS     7 QDistEvol                7      0.816  
[[24,8,5]]     non-CSS     5 BZDistMW                 5      0.073  
[[24,8,5]]     non-CSS     5 connectedClusterMW       5      0.603  
[[24,8,5]]     non-CSS     5 pySATDist                5      0.203  
[[24,8,5]]     non-CSS     5 QDistEvol                5      0.830  
[[25,8,5]]     non-CSS     5 BZDistMW                 5      0.091  
[[25,8,5]]     non-CSS     5 connectedClusterMW       5      0.610  
[[25,8,5]]     non-CSS     5 pySATDist                5      0.297  
[[25,8,5]]     non-CSS     5 QDistEvol                5      0.830  
[[26,6,6]]     non-CSS     6 BZDistMW                 6      0.356  
[[26,6,6]]     non-CSS     6 connectedClusterMW       6     19.288  
[[26,6,6]]     non-CSS     6 pySATDist                6      1.093  
[[26,6,6]]     non-CSS     6 QDistEvol                6      0.997  
