loaded 121 codes from QECC_sample.txt

code           type          d    spbdd d      seconds      nodes
[[3,1,1]]      CSS           1          1        0.018          5
[[4,1,2]]      CSS           2          2        0.014         42
[[5,1,3]]      non-CSS       3          3        0.009         94
[[6,1,3]]      non-CSS       3          3        0.009         95
[[7,1,3]]      CSS           3          3        0.009        382
[[8,1,3]]      non-CSS       3          3        0.008         97
[[9,1,3]]      non-CSS       3          3        0.009         98
[[10,1,4]]     non-CSS       4          4        0.009       2622
[[11,1,5]]     non-CSS       5          5        0.010       3838
[[12,6,3]]     non-CSS       3          3        0.009       1614
[[13,6,3]]     non-CSS       3          3        0.012       1615
[[14,2,5]]     non-CSS       5          5        0.030      40958
[[15,2,5]]     non-CSS       5          5        0.032      40959
[[16,1,6]]     non-CSS       6          6        0.214     180222
[[17,3,5]]     non-CSS       5          5        0.062      57344
[[18,5,5]]     non-CSS       5          5        0.406     158718
[[19,5,5]]     non-CSS       5          5        0.418     158719
[[20,3,6]]     non-CSS       6          6       35.259    1785854
[[21,3,6]]     non-CSS       6          6       45.908    1785855
[[22,7,5]]     non-CSS       5          5        7.752     390143
